stage=formal tasks=120 concurrency=4 device=cpu
[1/120] completed synthetic_maxsinl1 NOG-ZO seed=723 seconds=83.5
[2/120] completed synthetic_maxsinl1 NOG-ZO seed=721 seconds=83.5
[3/120] completed synthetic_maxsinl1 NOG-ZO seed=722 seconds=83.7
[4/120] completed synthetic_maxsinl1 NOG-ZO seed=720 seconds=83.7
[5/120] completed synthetic_maxsinl1 NOG-ZO seed=726 seconds=82.3
[6/120] completed synthetic_maxsinl1 NOG-ZO seed=724 seconds=82.7
[7/120] completed synthetic_maxsinl1 NOG-ZO seed=727 seconds=82.9
[8/120] completed synthetic_maxsinl1 NOG-ZO seed=725 seconds=83.2
[9/120] completed synthetic_maxsinl1 NOG-ZO seed=728 seconds=77.4
[10/120] completed synthetic_maxsinl1 NOG-ZO seed=729 seconds=81.3
[11/120] completed synthetic_maxsinl1 NOG-ZO seed=731 seconds=82.0
[12/120] completed synthetic_maxsinl1 NOG-ZO seed=730 seconds=83.6
[13/120] completed synthetic_maxsinl1 NOG-ZO seed=732 seconds=82.1
[14/120] completed synthetic_maxsinl1 NOG-ZO seed=733 seconds=82.2
[15/120] completed synthetic_maxsinl1 NOG-ZO seed=734 seconds=83.1
[16/120] completed synthetic_maxsinl1 NOG-ZO seed=735 seconds=82.5
[17/120] completed synthetic_maxsinl1 NOG-ZO seed=736 seconds=83.8
[18/120] completed synthetic_maxsinl1 NOG-ZO seed=737 seconds=81.6
[19/120] completed synthetic_maxsinl1 NOG-ZO seed=738 seconds=82.2
[20/120] completed synthetic_maxsinl1 NOG-ZO seed=739 seconds=81.8
[21/120] completed synthetic_maxsinl1 NOG-ZO-NONOPT seed=720 seconds=81.1
[22/120] completed synthetic_maxsinl1 NOG-ZO-NONOPT seed=721 seconds=82.2
[23/120] completed synthetic_maxsinl1 NOG-ZO-NONOPT seed=722 seconds=82.3
[24/120] completed synthetic_maxsinl1 NOG-ZO-NONOPT seed=723 seconds=81.9
[25/120] completed synthetic_maxsinl1 NOG-ZO-NONOPT seed=724 seconds=82.4
[26/120] completed synthetic_maxsinl1 NOG-ZO-NONOPT seed=725 seconds=81.3
[27/120] completed synthetic_maxsinl1 NOG-ZO-NONOPT seed=726 seconds=82.4
[28/120] completed synthetic_maxsinl1 NOG-ZO-NONOPT seed=727 seconds=82.3
[29/120] completed synthetic_maxsinl1 NOG-ZO-NONOPT seed=729 seconds=77.0
[30/120] completed synthetic_maxsinl1 NOG-ZO-NONOPT seed=728 seconds=82.5
[31/120] completed synthetic_maxsinl1 NOG-ZO-NONOPT seed=730 seconds=82.4
[32/120] completed synthetic_maxsinl1 NOG-ZO-NONOPT seed=731 seconds=82.5
[33/120] completed synthetic_maxsinl1 NOG-ZO-NONOPT seed=732 seconds=81.9
[34/120] completed synthetic_maxsinl1 NOG-ZO-NONOPT seed=733 seconds=83.0
[35/120] completed synthetic_maxsinl1 NOG-ZO-NONOPT seed=735 seconds=81.0
[36/120] completed synthetic_maxsinl1 NOG-ZO-NONOPT seed=734 seconds=81.6
[37/120] completed synthetic_maxsinl1 NOG-ZO-NONOPT seed=736 seconds=81.7
[38/120] completed synthetic_maxsinl1 NOG-ZO-NONOPT seed=737 seconds=81.5
[39/120] completed synthetic_maxsinl1 NOG-ZO-NONOPT seed=738 seconds=81.7
[40/120] completed synthetic_maxsinl1 NOG-ZO-NONOPT seed=739 seconds=81.9
[41/120] completed a9a NOG-ZO seed=720 seconds=39.2
[42/120] completed a9a NOG-ZO seed=721 seconds=39.6
[43/120] completed a9a NOG-ZO seed=722 seconds=38.3
[44/120] completed a9a NOG-ZO seed=723 seconds=39.2
[45/120] completed a9a NOG-ZO seed=725 seconds=167.1
[46/120] completed a9a NOG-ZO seed=724 seconds=171.8
[47/120] completed a9a NOG-ZO seed=726 seconds=164.2
[48/120] completed a9a NOG-ZO seed=727 seconds=162.6
[49/120] completed a9a NOG-ZO seed=728 seconds=90.5
[50/120] completed a9a NOG-ZO seed=729 seconds=90.5
[51/120] completed a9a NOG-ZO seed=731 seconds=90.5
[52/120] completed a9a NOG-ZO seed=730 seconds=90.6
[53/120] completed a9a NOG-ZO seed=735 seconds=35.7
[54/120] completed a9a NOG-ZO seed=734 seconds=35.8
[55/120] completed a9a NOG-ZO seed=733 seconds=43.0
[56/120] completed a9a NOG-ZO seed=732 seconds=43.0
[57/120] completed a9a NOG-ZO seed=736 seconds=36.0
[58/120] completed a9a NOG-ZO seed=737 seconds=36.0
[59/120] completed a9a NOG-ZO seed=739 seconds=35.9
[60/120] completed a9a NOG-ZO seed=738 seconds=36.2
[61/120] completed a9a NOG-ZO-NONOPT seed=721 seconds=35.5
[62/120] completed a9a NOG-ZO-NONOPT seed=720 seconds=35.9
[63/120] completed a9a NOG-ZO-NONOPT seed=722 seconds=35.4
[64/120] completed a9a NOG-ZO-NONOPT seed=723 seconds=35.8
[65/120] completed a9a NOG-ZO-NONOPT seed=724 seconds=35.5
[66/120] completed a9a NOG-ZO-NONOPT seed=725 seconds=35.6
[67/120] completed a9a NOG-ZO-NONOPT seed=726 seconds=35.9
[68/120] completed a9a NOG-ZO-NONOPT seed=727 seconds=36.4
[69/120] completed a9a NOG-ZO-NONOPT seed=728 seconds=35.8
[70/120] completed a9a NOG-ZO-NONOPT seed=729 seconds=35.5
[71/120] completed a9a NOG-ZO-NONOPT seed=730 seconds=36.8
[72/120] completed a9a NOG-ZO-NONOPT seed=731 seconds=35.9
[73/120] completed a9a NOG-ZO-NONOPT seed=732 seconds=35.6
[74/120] completed a9a NOG-ZO-NONOPT seed=733 seconds=35.6
[75/120] completed a9a NOG-ZO-NONOPT seed=734 seconds=35.8
[76/120] completed a9a NOG-ZO-NONOPT seed=735 seconds=35.6
[77/120] completed a9a NOG-ZO-NONOPT seed=736 seconds=35.5
[78/120] completed a9a NOG-ZO-NONOPT seed=737 seconds=35.7
[79/120] completed a9a NOG-ZO-NONOPT seed=738 seconds=35.8
[80/120] completed a9a NOG-ZO-NONOPT seed=739 seconds=35.8
[81/120] completed ijcnn1 NOG-ZO seed=720 seconds=34.7
[82/120] completed ijcnn1 NOG-ZO seed=721 seconds=34.7
[83/120] completed ijcnn1 NOG-ZO seed=722 seconds=34.9
[84/120] completed ijcnn1 NOG-ZO seed=723 seconds=34.9
[85/120] completed ijcnn1 NOG-ZO seed=724 seconds=31.5
[86/120] completed ijcnn1 NOG-ZO seed=725 seconds=31.6
[87/120] completed ijcnn1 NOG-ZO seed=726 seconds=31.7
[88/120] completed ijcnn1 NOG-ZO seed=727 seconds=31.9
[89/120] completed ijcnn1 NOG-ZO seed=728 seconds=31.5
[90/120] completed ijcnn1 NOG-ZO seed=729 seconds=31.5
[91/120] completed ijcnn1 NOG-ZO seed=730 seconds=31.4
[92/120] completed ijcnn1 NOG-ZO seed=731 seconds=31.7
[93/120] completed ijcnn1 NOG-ZO seed=733 seconds=38.1
[94/120] completed ijcnn1 NOG-ZO seed=732 seconds=38.6
[95/120] completed ijcnn1 NOG-ZO seed=734 seconds=31.5
[96/120] completed ijcnn1 NOG-ZO seed=735 seconds=31.9
[97/120] completed ijcnn1 NOG-ZO seed=736 seconds=31.7
[98/120] completed ijcnn1 NOG-ZO seed=737 seconds=32.6
[99/120] completed ijcnn1 NOG-ZO seed=738 seconds=31.6
[100/120] completed ijcnn1 NOG-ZO seed=739 seconds=31.4
[101/120] completed ijcnn1 NOG-ZO-NONOPT seed=720 seconds=32.0
[102/120] completed ijcnn1 NOG-ZO-NONOPT seed=721 seconds=32.2
[103/120] completed ijcnn1 NOG-ZO-NONOPT seed=722 seconds=31.7
[104/120] completed ijcnn1 NOG-ZO-NONOPT seed=723 seconds=31.8
[105/120] completed ijcnn1 NOG-ZO-NONOPT seed=724 seconds=31.8
[106/120] completed ijcnn1 NOG-ZO-NONOPT seed=725 seconds=31.6
[107/120] completed ijcnn1 NOG-ZO-NONOPT seed=726 seconds=31.5
[108/120] completed ijcnn1 NOG-ZO-NONOPT seed=727 seconds=31.5
[109/120] completed ijcnn1 NOG-ZO-NONOPT seed=728 seconds=31.7
[110/120] completed ijcnn1 NOG-ZO-NONOPT seed=729 seconds=31.8
[111/120] completed ijcnn1 NOG-ZO-NONOPT seed=730 seconds=31.3
[112/120] completed ijcnn1 NOG-ZO-NONOPT seed=731 seconds=31.6
[113/120] completed ijcnn1 NOG-ZO-NONOPT seed=732 seconds=31.5
[114/120] completed ijcnn1 NOG-ZO-NONOPT seed=734 seconds=31.3
[115/120] completed ijcnn1 NOG-ZO-NONOPT seed=733 seconds=32.6
[116/120] completed ijcnn1 NOG-ZO-NONOPT seed=735 seconds=31.4
[117/120] completed ijcnn1 NOG-ZO-NONOPT seed=736 seconds=31.7
[118/120] completed ijcnn1 NOG-ZO-NONOPT seed=737 seconds=32.4
[119/120] completed ijcnn1 NOG-ZO-NONOPT seed=739 seconds=31.5
[120/120] completed ijcnn1 NOG-ZO-NONOPT seed=738 seconds=31.7
