stage=pilot tasks=30 concurrency=4 device=cpu
[1/30] completed synthetic_maxsinl1 NOG-ZO seed=703 seconds=83.5
[2/30] completed synthetic_maxsinl1 NOG-ZO seed=700 seconds=83.6
[3/30] completed synthetic_maxsinl1 NOG-ZO seed=702 seconds=84.8
[4/30] completed synthetic_maxsinl1 NOG-ZO seed=701 seconds=92.7
[5/30] completed synthetic_maxsinl1 NOG-ZO seed=704 seconds=82.7
[6/30] completed synthetic_maxsinl1 NOG-ZO-NONOPT seed=700 seconds=84.1
[7/30] completed synthetic_maxsinl1 NOG-ZO-NONOPT seed=701 seconds=86.2
[8/30] completed synthetic_maxsinl1 NOG-ZO-NONOPT seed=702 seconds=92.7
[9/30] completed a9a NOG-ZO seed=700 seconds=44.4
[10/30] completed a9a NOG-ZO seed=701 seconds=39.5
[11/30] completed synthetic_maxsinl1 NOG-ZO-NONOPT seed=703 seconds=82.1
[12/30] completed synthetic_maxsinl1 NOG-ZO-NONOPT seed=704 seconds=85.3
[13/30] completed a9a NOG-ZO seed=702 seconds=37.7
[14/30] completed a9a NOG-ZO seed=703 seconds=36.8
[15/30] completed a9a NOG-ZO seed=704 seconds=39.7
[16/30] completed a9a NOG-ZO-NONOPT seed=701 seconds=37.7
[17/30] completed a9a NOG-ZO-NONOPT seed=700 seconds=39.2
[18/30] completed a9a NOG-ZO-NONOPT seed=702 seconds=37.0
[19/30] completed a9a NOG-ZO-NONOPT seed=703 seconds=37.0
[20/30] completed ijcnn1 NOG-ZO seed=700 seconds=36.0
[21/30] completed a9a NOG-ZO-NONOPT seed=704 seconds=37.6
[22/30] completed ijcnn1 NOG-ZO seed=701 seconds=36.0
[23/30] completed ijcnn1 NOG-ZO seed=703 seconds=32.3
[24/30] completed ijcnn1 NOG-ZO seed=702 seconds=36.5
[25/30] completed ijcnn1 NOG-ZO seed=704 seconds=37.2
[26/30] completed ijcnn1 NOG-ZO-NONOPT seed=700 seconds=32.5
[27/30] completed ijcnn1 NOG-ZO-NONOPT seed=701 seconds=32.1
[28/30] completed ijcnn1 NOG-ZO-NONOPT seed=702 seconds=32.1
[29/30] completed ijcnn1 NOG-ZO-NONOPT seed=703 seconds=32.7
[30/30] completed ijcnn1 NOG-ZO-NONOPT seed=704 seconds=32.5
